// Jest Snapshot v1, https://goo.gl/fbAQLP

exports[`Selectors selectFullOrderList should return all of the orders 1`] = `
Array [
  Object {
    "account": Object {
      "creditHold": false,
      "id": "244cc9ff-b9b4-4889-ba0a-9430ea9c0d72",
      "name": "ABC Food",
      "number": "9992658",
    },
    "accountId": "244cc9ff-b9b4-4889-ba0a-9430ea9c0d72",
    "created": "2018-09-18T22:11:19.9878985Z",
    "createdBy": "Billings Tester",
    "dropCode": null,
    "dropCodeDescription": null,
    "dropCodeDisplay": " - ",
    "dropCodeId": null,
    "id": "99adbfc4-8fbb-e811-af11-000d3a30a3ba",
    "instructions": null,
    "items": 6,
    "memo": null,
    "missingCriticalItems": null,
    "number": "10039",
    "orderDetails": Array [
      Object {
        "account": Object {
          "creditHold": false,
          "id": "244cc9ff-b9b4-4889-ba0a-9430ea9c0d72",
          "name": "ABC Food",
          "number": "9992658",
        },
        "accountId": "244cc9ff-b9b4-4889-ba0a-9430ea9c0d72",
        "brokenCase": false,
        "caseEquivalentQuantity": 2,
        "created": "2018-09-18T22:11:19.9878985Z",
        "createdBy": "Billings Tester",
        "cuttingInstructions1Id": null,
        "cuttingInstructions2Id": null,
        "cuttingInstructions3Id": null,
        "dropCode": null,
        "dropCodeDescription": null,
        "dropCodeDisplay": " - ",
        "dropCodeId": null,
        "grossProfit": 0,
        "grossProfitPercent": 0,
        "id": "04adbfc4-8fbb-e811-af11-000d3a30a3ba",
        "instructions": null,
        "isPrintSpecialMessage": false,
        "items": 6,
        "memo": null,
        "missingCriticalItems": null,
        "number": "10039",
        "orderId": "02adbfc4-8fbb-e811-af11-000d3a30a3ba",
        "owner": "Billings Tester",
        "permanentOverride": false,
        "pieces": 27,
        "price": 40,
        "priceCode": null,
        "pricebook": 7620,
        "product": Object {
          "authorized": true,
          "averageWeight": null,
          "badges": Array [
            Object {
              "display": "Dry",
              "name": "Dry",
            },
          ],
          "brand": "PROPAK O",
          "breakCase": false,
          "classNumber": " 76",
          "critical": false,
          "deactivated": false,
          "description": "1.75 OZ HIGH QUALITY STAINLESS STEEL SCRUBBER, CONTINUOS WIRE CONSTRUCTION FOR TOUGH CLEANING CHORES. PRODUCT OF CHINA.",
          "featured": false,
          "fsaBranded": true,
          "groupPurchasing": null,
          "id": "ab8e1834-58a2-4bb6-b54c-3650c02eadcd",
          "imageUrl": null,
          "name": "SCRUBBER 1.75Z STAINLESS STEEL",
          "nonStock": null,
          "nonStockMessage": null,
          "number": "118162",
          "orderable": true,
          "orderableMessage": null,
          "pack": 1,
          "packSize": "1/12CT",
          "pricing": Object {
            "casePrice": 40,
            "eachPrice": null,
            "eachPriceCode": null,
            "eachPriceCodeDescription": null,
            "priceCode": "L",
            "priceCodeDescription": "L - Customer PB/Class Override",
            "productId": "ab8e1834-58a2-4bb6-b54c-3650c02eadcd",
            "productNumber": "118162",
            "quantityOnHand": 166,
            "specialPriceCode": null,
          },
          "proprietary": false,
          "proprietaryToAnotherAccount": false,
          "randomWeight": false,
          "restricted": false,
          "salesData": Object {
            "caseHistory": null,
            "eachHistory": null,
            "freight": Object {
              "caseAmount": 0.07,
              "code": "I",
              "eachAmount": null,
            },
            "pricing": Object {
              "autoApplySpecialPriceCode": null,
              "canOverride": true,
              "caseCost": 40,
              "caseGrossProfit": 0,
              "caseGrossProfitPercent": 0,
              "caseOverrideThreshold": 40,
              "eachCost": null,
              "eachGrossProfit": null,
              "eachGrossProfitPercent": null,
              "eachOverrideThreshold": null,
              "flyerPrices": Array [],
              "isCaseOverride": true,
              "isDeviated": false,
              "isEachOverride": false,
              "lastInvoiceCasePrice": null,
              "lastInvoiceCaseQuantity": null,
              "lastInvoiceEachPrice": null,
              "lastInvoiceEachQuantity": null,
              "starCasePrice1": 40,
              "starCasePrice3": 40,
              "starCasePrice5": 40,
              "starEachPrice1": null,
              "starEachPrice3": null,
              "starEachPrice5": null,
            },
            "productId": "ab8e1834-58a2-4bb6-b54c-3650c02eadcd",
          },
          "size": "12CT",
          "suspended": false,
          "tags": Array [],
          "weight": 1.75,
        },
        "productId": "ab8e1834-58a2-4bb6-b54c-3650c02eadcd",
        "productStatuses": null,
        "profitAnalysis": Object {
          "amountToNextProfitTier": 0.88,
          "caseEquivalentQuantity": 27,
          "grossProfit": 0,
          "grossProfitPercent": 0,
          "nextProfitTier": 1,
          "profitPerCaseEquivalent": 0,
        },
        "purchaseOrder": null,
        "quantity": 2,
        "rejectedMessage": null,
        "sequence": 1,
        "shipDate": "2018-10-02",
        "shippedQuantity": null,
        "source": "FSA Connect",
        "specialMessage": null,
        "specialPriceCode": null,
        "status": "Draft",
        "statusReason": null,
        "submitOverridesHasErrors": null,
        "submitted": null,
        "submittedBy": "System",
        "temporaryOverride": false,
        "total": 200,
        "updated": "2018-09-18T22:11:21.1717022Z",
        "updatedBy": "Billings Tester",
        "version": "AAAAAElojH8=",
        "weight": 531.85,
      },
      Object {
        "account": Object {
          "creditHold": false,
          "id": "244cc9ff-b9b4-4889-ba0a-9430ea9c0d72",
          "name": "ABC Food",
          "number": "9992658",
        },
        "accountId": "244cc9ff-b9b4-4889-ba0a-9430ea9c0d72",
        "brokenCase": false,
        "caseEquivalentQuantity": 1,
        "created": "2018-09-18T22:11:19.9878985Z",
        "createdBy": "Billings Tester",
        "cuttingInstructions1Id": null,
        "cuttingInstructions2Id": null,
        "cuttingInstructions3Id": null,
        "dropCode": null,
        "dropCodeDescription": null,
        "dropCodeDisplay": " - ",
        "dropCodeId": null,
        "grossProfit": 0,
        "grossProfitPercent": 0,
        "id": "06adbfc4-8fbb-e811-af11-000d3a30a3ba",
        "instructions": null,
        "isPrintSpecialMessage": false,
        "items": 6,
        "memo": null,
        "missingCriticalItems": null,
        "number": "10039",
        "orderId": "02adbfc4-8fbb-e811-af11-000d3a30a3ba",
        "owner": "Billings Tester",
        "permanentOverride": false,
        "pieces": 27,
        "price": 40,
        "priceCode": null,
        "pricebook": 7630,
        "product": Object {
          "authorized": true,
          "averageWeight": null,
          "badges": Array [
            Object {
              "display": "Non GMO",
              "name": "NonGMO",
            },
            Object {
              "display": "Dry",
              "name": "Dry",
            },
          ],
          "brand": "PROPOWER",
          "breakCase": false,
          "classNumber": " 76",
          "critical": false,
          "deactivated": false,
          "description": "HOSPITAL GRADE 6% GERMICIDAL LIQUID BLEACH. SDS AVAILABLE ON FSAFOOD.COM REPLACES FSA 498734",
          "featured": false,
          "fsaBranded": true,
          "groupPurchasing": null,
          "id": "42dd5337-c3a7-4f09-bd2d-4ddbf1ce4197",
          "imageUrl": "https://cxp-cdn.azureedge.net/cards/874722",
          "name": "BLEACH LIQUID ULTRA GERMICIDAL",
          "nonStock": "Ship Upon Receipt",
          "nonStockMessage": "SPOKANE SKIPDAY / DATE TUES FLWG WEEK",
          "number": "874722",
          "orderable": true,
          "orderableMessage": null,
          "pack": 6,
          "packSize": "6/121Z",
          "pricing": Object {
            "casePrice": 40,
            "eachPrice": null,
            "eachPriceCode": null,
            "eachPriceCodeDescription": null,
            "priceCode": "L",
            "priceCodeDescription": "L - Customer PB/Class Override",
            "productId": "42dd5337-c3a7-4f09-bd2d-4ddbf1ce4197",
            "productNumber": "874722",
            "quantityOnHand": 0,
            "specialPriceCode": null,
          },
          "proprietary": false,
          "proprietaryToAnotherAccount": false,
          "randomWeight": false,
          "restricted": false,
          "salesData": Object {
            "caseHistory": null,
            "eachHistory": null,
            "freight": Object {
              "caseAmount": 2.6,
              "code": "I",
              "eachAmount": null,
            },
            "pricing": Object {
              "autoApplySpecialPriceCode": null,
              "canOverride": true,
              "caseCost": 40,
              "caseGrossProfit": 0,
              "caseGrossProfitPercent": 0,
              "caseOverrideThreshold": 40,
              "eachCost": null,
              "eachGrossProfit": null,
              "eachGrossProfitPercent": null,
              "eachOverrideThreshold": null,
              "flyerPrices": Array [],
              "isCaseOverride": true,
              "isDeviated": false,
              "isEachOverride": false,
              "lastInvoiceCasePrice": null,
              "lastInvoiceCaseQuantity": null,
              "lastInvoiceEachPrice": null,
              "lastInvoiceEachQuantity": null,
              "starCasePrice1": 40,
              "starCasePrice3": 40,
              "starCasePrice5": 40,
              "starEachPrice1": null,
              "starEachPrice3": null,
              "starEachPrice5": null,
            },
            "productId": "42dd5337-c3a7-4f09-bd2d-4ddbf1ce4197",
          },
          "size": "121Z",
          "suspended": false,
          "tags": Array [],
          "weight": 61.1,
        },
        "productId": "42dd5337-c3a7-4f09-bd2d-4ddbf1ce4197",
        "productStatuses": null,
        "profitAnalysis": Object {
          "amountToNextProfitTier": 0.88,
          "caseEquivalentQuantity": 27,
          "grossProfit": 0,
          "grossProfitPercent": 0,
          "nextProfitTier": 1,
          "profitPerCaseEquivalent": 0,
        },
        "purchaseOrder": null,
        "quantity": 1,
        "rejectedMessage": null,
        "sequence": 2,
        "shipDate": "2018-10-02",
        "shippedQuantity": null,
        "source": "FSA Connect",
        "specialMessage": null,
        "specialPriceCode": null,
        "status": "Draft",
        "statusReason": null,
        "submitOverridesHasErrors": null,
        "submitted": null,
        "submittedBy": "System",
        "temporaryOverride": false,
        "total": 200,
        "updated": "2018-09-18T22:11:23.5030213Z",
        "updatedBy": "Billings Tester",
        "version": "AAAAAElojIA=",
        "weight": 531.85,
      },
      Object {
        "account": Object {
          "creditHold": false,
          "id": "244cc9ff-b9b4-4889-ba0a-9430ea9c0d72",
          "name": "ABC Food",
          "number": "9992658",
        },
        "accountId": "244cc9ff-b9b4-4889-ba0a-9430ea9c0d72",
        "brokenCase": false,
        "caseEquivalentQuantity": 5,
        "created": "2018-09-18T22:11:19.9878985Z",
        "createdBy": "Billings Tester",
        "cuttingInstructions1Id": null,
        "cuttingInstructions2Id": null,
        "cuttingInstructions3Id": null,
        "dropCode": null,
        "dropCodeDescription": null,
        "dropCodeDisplay": " - ",
        "dropCodeId": null,
        "grossProfit": 0,
        "grossProfitPercent": 0,
        "id": "08adbfc4-8fbb-e811-af11-000d3a30a3ba",
        "instructions": null,
        "isPrintSpecialMessage": false,
        "items": 6,
        "memo": null,
        "missingCriticalItems": null,
        "number": "10039",
        "orderId": "02adbfc4-8fbb-e811-af11-000d3a30a3ba",
        "owner": "Billings Tester",
        "permanentOverride": false,
        "pieces": 27,
        "price": 40,
        "priceCode": null,
        "pricebook": 7630,
        "product": Object {
          "authorized": true,
          "averageWeight": null,
          "badges": Array [
            Object {
              "display": "Dry",
              "name": "Dry",
            },
          ],
          "brand": "SCOTCH-BRITE",
          "breakCase": false,
          "classNumber": " 76",
          "critical": false,
          "deactivated": false,
          "description": "LIQUID GRIDDLE CLEANER, QUART BTL. CLEANS FLAT GRIDDLES AT 325 DEG., SAFE ON FOOD CONTACT SURFACES.NO CHEMICAL ODOR. NO CAUSTIC SODA.USE WITH #405 PAD HLDR,#46 GRILL PAD,#410 SQUEEGEE. SDS AVAILABLE ON FSAFOOD.COM",
          "featured": false,
          "fsaBranded": false,
          "groupPurchasing": null,
          "id": "543aba06-506f-4d1e-8d3f-728582f4e841",
          "imageUrl": "https://cxp-cdn.azureedge.net/cards/445975",
          "name": "CLEANER GRIDDLE QUICK CLEAN LIQUID",
          "nonStock": null,
          "nonStockMessage": null,
          "number": "445975",
          "orderable": true,
          "orderableMessage": null,
          "pack": 4,
          "packSize": "4/32Z",
          "pricing": Object {
            "casePrice": 40,
            "eachPrice": null,
            "eachPriceCode": null,
            "eachPriceCodeDescription": null,
            "priceCode": "L",
            "priceCodeDescription": "L - Customer PB/Class Override",
            "productId": "543aba06-506f-4d1e-8d3f-728582f4e841",
            "productNumber": "445975",
            "quantityOnHand": 82,
            "specialPriceCode": null,
          },
          "proprietary": false,
          "proprietaryToAnotherAccount": false,
          "randomWeight": false,
          "restricted": false,
          "salesData": Object {
            "caseHistory": null,
            "eachHistory": null,
            "freight": Object {
              "caseAmount": 0.51,
              "code": "I",
              "eachAmount": null,
            },
            "pricing": Object {
              "autoApplySpecialPriceCode": null,
              "canOverride": true,
              "caseCost": 40,
              "caseGrossProfit": 0,
              "caseGrossProfitPercent": 0,
              "caseOverrideThreshold": 40,
              "eachCost": null,
              "eachGrossProfit": null,
              "eachGrossProfitPercent": null,
              "eachOverrideThreshold": null,
              "flyerPrices": Array [],
              "isCaseOverride": true,
              "isDeviated": false,
              "isEachOverride": false,
              "lastInvoiceCasePrice": null,
              "lastInvoiceCaseQuantity": null,
              "lastInvoiceEachPrice": null,
              "lastInvoiceEachQuantity": null,
              "starCasePrice1": 40,
              "starCasePrice3": 40,
              "starCasePrice5": 40,
              "starEachPrice1": null,
              "starEachPrice3": null,
              "starEachPrice5": null,
            },
            "productId": "543aba06-506f-4d1e-8d3f-728582f4e841",
          },
          "size": "32Z",
          "suspended": false,
          "tags": Array [],
          "weight": 12.01,
        },
        "productId": "543aba06-506f-4d1e-8d3f-728582f4e841",
        "productStatuses": null,
        "profitAnalysis": Object {
          "amountToNextProfitTier": 0.88,
          "caseEquivalentQuantity": 27,
          "grossProfit": 0,
          "grossProfitPercent": 0,
          "nextProfitTier": 1,
          "profitPerCaseEquivalent": 0,
        },
        "purchaseOrder": null,
        "quantity": 5,
        "rejectedMessage": null,
        "sequence": 3,
        "shipDate": "2018-10-02",
        "shippedQuantity": null,
        "source": "FSA Connect",
        "specialMessage": null,
        "specialPriceCode": null,
        "status": "Draft",
        "statusReason": null,
        "submitOverridesHasErrors": null,
        "submitted": null,
        "submittedBy": "System",
        "temporaryOverride": false,
        "total": 200,
        "updated": "2018-09-18T22:11:27.2738551Z",
        "updatedBy": "Billings Tester",
        "version": "AAAAAElojIE=",
        "weight": 531.85,
      },
      Object {
        "account": Object {
          "creditHold": false,
          "id": "244cc9ff-b9b4-4889-ba0a-9430ea9c0d72",
          "name": "ABC Food",
          "number": "9992658",
        },
        "accountId": "244cc9ff-b9b4-4889-ba0a-9430ea9c0d72",
        "brokenCase": false,
        "caseEquivalentQuantity": 8,
        "created": "2018-09-18T22:11:19.9878985Z",
        "createdBy": "Billings Tester",
        "cuttingInstructions1Id": null,
        "cuttingInstructions2Id": null,
        "cuttingInstructions3Id": null,
        "dropCode": null,
        "dropCodeDescription": null,
        "dropCodeDisplay": " - ",
        "dropCodeId": null,
        "grossProfit": 0,
        "grossProfitPercent": 0,
        "id": "0aadbfc4-8fbb-e811-af11-000d3a30a3ba",
        "instructions": null,
        "isPrintSpecialMessage": false,
        "items": 6,
        "memo": null,
        "missingCriticalItems": null,
        "number": "10039",
        "orderId": "02adbfc4-8fbb-e811-af11-000d3a30a3ba",
        "owner": "Billings Tester",
        "permanentOverride": false,
        "pieces": 27,
        "price": 40,
        "priceCode": null,
        "pricebook": 7630,
        "product": Object {
          "authorized": true,
          "averageWeight": null,
          "badges": Array [
            Object {
              "display": "Hazmat",
              "name": "Hazmat",
            },
          ],
          "brand": "PURELL",
          "breakCase": false,
          "classNumber": " 76",
          "critical": false,
          "deactivated": false,
          "description": "USE W/DISPENSER MFG# 2720-12E FSA# 287307, MFG# 2421-DS / FSA #424613 OR MFG# 2424-DS / FSA #2937. PUMPS OUT .8MIL W/EACH USE. SDS AVAILABLE ON FSAFOOD.COM",
          "featured": false,
          "fsaBranded": false,
          "groupPurchasing": null,
          "id": "4b442663-9ad6-49ba-8980-2d9bc0346a0d",
          "imageUrl": "https://cxp-cdn.azureedge.net/cards/287320",
          "name": "SANITIZER FOAM INSTANT",
          "nonStock": "Ship Upon Receipt",
          "nonStockMessage": "R3 TRUCK-MON DATE/TUES & THURS 5PM CUTOF",
          "number": "287320",
          "orderable": true,
          "orderableMessage": null,
          "pack": 2,
          "packSize": "2/1.2LTR",
          "pricing": Object {
            "casePrice": 40,
            "eachPrice": null,
            "eachPriceCode": null,
            "eachPriceCodeDescription": null,
            "priceCode": "L",
            "priceCodeDescription": "L - Customer PB/Class Override",
            "productId": "4b442663-9ad6-49ba-8980-2d9bc0346a0d",
            "productNumber": "287320",
            "quantityOnHand": 0,
            "specialPriceCode": null,
          },
          "proprietary": false,
          "proprietaryToAnotherAccount": false,
          "randomWeight": false,
          "restricted": false,
          "salesData": Object {
            "caseHistory": null,
            "eachHistory": null,
            "freight": Object {
              "caseAmount": 0.27,
              "code": "I",
              "eachAmount": null,
            },
            "pricing": Object {
              "autoApplySpecialPriceCode": null,
              "canOverride": true,
              "caseCost": 40,
              "caseGrossProfit": 0,
              "caseGrossProfitPercent": 0,
              "caseOverrideThreshold": 40,
              "eachCost": null,
              "eachGrossProfit": null,
              "eachGrossProfitPercent": null,
              "eachOverrideThreshold": null,
              "flyerPrices": Array [],
              "isCaseOverride": true,
              "isDeviated": false,
              "isEachOverride": false,
              "lastInvoiceCasePrice": null,
              "lastInvoiceCaseQuantity": null,
              "lastInvoiceEachPrice": null,
              "lastInvoiceEachQuantity": null,
              "starCasePrice1": 40,
              "starCasePrice3": 40,
              "starCasePrice5": 40,
              "starEachPrice1": null,
              "starEachPrice3": null,
              "starEachPrice5": null,
            },
            "productId": "4b442663-9ad6-49ba-8980-2d9bc0346a0d",
          },
          "size": "1.2LTR",
          "suspended": false,
          "tags": Array [],
          "weight": 6,
        },
        "productId": "4b442663-9ad6-49ba-8980-2d9bc0346a0d",
        "productStatuses": null,
        "profitAnalysis": Object {
          "amountToNextProfitTier": 0.88,
          "caseEquivalentQuantity": 27,
          "grossProfit": 0,
          "grossProfitPercent": 0,
          "nextProfitTier": 1,
          "profitPerCaseEquivalent": 0,
        },
        "purchaseOrder": null,
        "quantity": 8,
        "rejectedMessage": null,
        "sequence": 4,
        "shipDate": "2018-10-02",
        "shippedQuantity": null,
        "source": "FSA Connect",
        "specialMessage": null,
        "specialPriceCode": null,
        "status": "Draft",
        "statusReason": null,
        "submitOverridesHasErrors": null,
        "submitted": null,
        "submittedBy": "System",
        "temporaryOverride": false,
        "total": 200,
        "updated": "2018-09-18T22:11:29.5081832Z",
        "updatedBy": "Billings Tester",
        "version": "AAAAAElojII=",
        "weight": 531.85,
      },
      Object {
        "account": Object {
          "creditHold": false,
          "id": "244cc9ff-b9b4-4889-ba0a-9430ea9c0d72",
          "name": "ABC Food",
          "number": "9992658",
        },
        "accountId": "244cc9ff-b9b4-4889-ba0a-9430ea9c0d72",
        "brokenCase": false,
        "caseEquivalentQuantity": 7,
        "created": "2018-09-18T22:11:19.9878985Z",
        "createdBy": "Billings Tester",
        "cuttingInstructions1Id": null,
        "cuttingInstructions2Id": null,
        "cuttingInstructions3Id": null,
        "dropCode": null,
        "dropCodeDescription": null,
        "dropCodeDisplay": " - ",
        "dropCodeId": null,
        "grossProfit": 0,
        "grossProfitPercent": 0,
        "id": "2e837bcb-8fbb-e811-af11-000d3a30a3ba",
        "instructions": null,
        "isPrintSpecialMessage": false,
        "items": 6,
        "memo": null,
        "missingCriticalItems": null,
        "number": "10039",
        "orderId": "02adbfc4-8fbb-e811-af11-000d3a30a3ba",
        "owner": "Billings Tester",
        "permanentOverride": false,
        "pieces": 27,
        "price": 40,
        "priceCode": null,
        "pricebook": 7630,
        "product": Object {
          "authorized": true,
          "averageWeight": null,
          "badges": Array [
            Object {
              "display": "Kosher",
              "name": "Kosher",
            },
            Object {
              "display": "Dry",
              "name": "Dry",
            },
          ],
          "brand": "ECOLAB",
          "breakCase": false,
          "classNumber": " 76",
          "critical": false,
          "deactivated": false,
          "description": "DISINFECTANT, SANITIZER, DEODORIZER, ONE STEP CLEANER/DISINFECTANT FOR INSTITUTIONAL AND INDUSTRIAL USE. SDS AVAILABLE ON FSAFOOD.COM",
          "featured": false,
          "fsaBranded": false,
          "groupPurchasing": null,
          "id": "164cfb45-1096-48d2-af58-0f90fa69b0b1",
          "imageUrl": "https://cxp-cdn.azureedge.net/cards/778384",
          "name": "SANITIZER QUAT OASIS 146",
          "nonStock": null,
          "nonStockMessage": null,
          "number": "778384",
          "orderable": true,
          "orderableMessage": null,
          "pack": 1,
          "packSize": "1/2.5GAL",
          "pricing": Object {
            "casePrice": 40,
            "eachPrice": null,
            "eachPriceCode": null,
            "eachPriceCodeDescription": null,
            "priceCode": "L",
            "priceCodeDescription": "L - Customer PB/Class Override",
            "productId": "164cfb45-1096-48d2-af58-0f90fa69b0b1",
            "productNumber": "778384",
            "quantityOnHand": 38,
            "specialPriceCode": null,
          },
          "proprietary": false,
          "proprietaryToAnotherAccount": false,
          "randomWeight": false,
          "restricted": false,
          "salesData": Object {
            "caseHistory": null,
            "eachHistory": null,
            "freight": Object {
              "caseAmount": 0.94,
              "code": "I",
              "eachAmount": null,
            },
            "pricing": Object {
              "autoApplySpecialPriceCode": null,
              "canOverride": true,
              "caseCost": 40,
              "caseGrossProfit": 0,
              "caseGrossProfitPercent": 0,
              "caseOverrideThreshold": 40,
              "eachCost": null,
              "eachGrossProfit": null,
              "eachGrossProfitPercent": null,
              "eachOverrideThreshold": null,
              "flyerPrices": Array [],
              "isCaseOverride": true,
              "isDeviated": false,
              "isEachOverride": false,
              "lastInvoiceCasePrice": null,
              "lastInvoiceCaseQuantity": null,
              "lastInvoiceEachPrice": null,
              "lastInvoiceEachQuantity": null,
              "starCasePrice1": 40,
              "starCasePrice3": 40,
              "starCasePrice5": 40,
              "starEachPrice1": null,
              "starEachPrice3": null,
              "starEachPrice5": null,
            },
            "productId": "164cfb45-1096-48d2-af58-0f90fa69b0b1",
          },
          "size": "2.5GAL",
          "suspended": false,
          "tags": Array [],
          "weight": 22,
        },
        "productId": "164cfb45-1096-48d2-af58-0f90fa69b0b1",
        "productStatuses": null,
        "profitAnalysis": Object {
          "amountToNextProfitTier": 0.88,
          "caseEquivalentQuantity": 27,
          "grossProfit": 0,
          "grossProfitPercent": 0,
          "nextProfitTier": 1,
          "profitPerCaseEquivalent": 0,
        },
        "purchaseOrder": null,
        "quantity": 7,
        "rejectedMessage": null,
        "sequence": 5,
        "shipDate": "2018-10-02",
        "shippedQuantity": null,
        "source": "FSA Connect",
        "specialMessage": null,
        "specialPriceCode": null,
        "status": "Draft",
        "statusReason": null,
        "submitOverridesHasErrors": null,
        "submitted": null,
        "submittedBy": "System",
        "temporaryOverride": false,
        "total": 200,
        "updated": "2018-09-18T22:11:31.3162523Z",
        "updatedBy": "Billings Tester",
        "version": "AAAAAElojIM=",
        "weight": 531.85,
      },
      Object {
        "account": Object {
          "creditHold": false,
          "id": "244cc9ff-b9b4-4889-ba0a-9430ea9c0d72",
          "name": "ABC Food",
          "number": "9992658",
        },
        "accountId": "244cc9ff-b9b4-4889-ba0a-9430ea9c0d72",
        "brokenCase": false,
        "caseEquivalentQuantity": 4,
        "created": "2018-09-18T22:11:19.9878985Z",
        "createdBy": "Billings Tester",
        "cuttingInstructions1Id": null,
        "cuttingInstructions2Id": null,
        "cuttingInstructions3Id": null,
        "dropCode": null,
        "dropCodeDescription": null,
        "dropCodeDisplay": " - ",
        "dropCodeId": null,
        "grossProfit": 0,
        "grossProfitPercent": 0,
        "id": "30837bcb-8fbb-e811-af11-000d3a30a3ba",
        "instructions": null,
        "isPrintSpecialMessage": false,
        "items": 6,
        "memo": null,
        "missingCriticalItems": null,
        "number": "10039",
        "orderId": "02adbfc4-8fbb-e811-af11-000d3a30a3ba",
        "owner": "Billings Tester",
        "permanentOverride": false,
        "pieces": 27,
        "price": 40,
        "priceCode": null,
        "pricebook": 7630,
        "product": Object {
          "authorized": true,
          "averageWeight": null,
          "badges": Array [
            Object {
              "display": "Kosher",
              "name": "Kosher",
            },
            Object {
              "display": "Hazmat",
              "name": "Hazmat",
            },
          ],
          "brand": "ECOLAB",
          "breakCase": false,
          "classNumber": " 76",
          "critical": false,
          "deactivated": false,
          "description": "ENERGY EFFICIENT DISHMACHINE SANITIZER.  FAST-ACTING, STABLE FORMULA ENSURES OPTIMUM RESULTS AND PROLONGS SHELF LIFE.  EPA REGISTERED. SDS AVAILABLE ON FSAFOOD.COM",
          "featured": false,
          "fsaBranded": false,
          "groupPurchasing": null,
          "id": "1b7f8b00-c0c8-4682-879b-b01922ba3b69",
          "imageUrl": "https://cxp-cdn.azureedge.net/cards/656585",
          "name": "SANITIZER ULTRA SAN LOW TEMPERATURE",
          "nonStock": null,
          "nonStockMessage": null,
          "number": "656585",
          "orderable": true,
          "orderableMessage": null,
          "pack": 1,
          "packSize": "1/5GAL",
          "pricing": Object {
            "casePrice": 40,
            "eachPrice": null,
            "eachPriceCode": null,
            "eachPriceCodeDescription": null,
            "priceCode": "L",
            "priceCodeDescription": "L - Customer PB/Class Override",
            "productId": "1b7f8b00-c0c8-4682-879b-b01922ba3b69",
            "productNumber": "656585",
            "quantityOnHand": 33,
            "specialPriceCode": null,
          },
          "proprietary": false,
          "proprietaryToAnotherAccount": false,
          "randomWeight": false,
          "restricted": false,
          "salesData": Object {
            "caseHistory": null,
            "eachHistory": null,
            "freight": Object {
              "caseAmount": 2.31,
              "code": "I",
              "eachAmount": null,
            },
            "pricing": Object {
              "autoApplySpecialPriceCode": null,
              "canOverride": true,
              "caseCost": 40,
              "caseGrossProfit": 0,
              "caseGrossProfitPercent": 0,
              "caseOverrideThreshold": 40,
              "eachCost": null,
              "eachGrossProfit": null,
              "eachGrossProfitPercent": null,
              "eachOverrideThreshold": null,
              "flyerPrices": Array [],
              "isCaseOverride": true,
              "isDeviated": false,
              "isEachOverride": false,
              "lastInvoiceCasePrice": null,
              "lastInvoiceCaseQuantity": null,
              "lastInvoiceEachPrice": null,
              "lastInvoiceEachQuantity": null,
              "starCasePrice1": 40,
              "starCasePrice3": 40,
              "starCasePrice5": 40,
              "starEachPrice1": null,
              "starEachPrice3": null,
              "starEachPrice5": null,
            },
            "productId": "1b7f8b00-c0c8-4682-879b-b01922ba3b69",
          },
          "size": "5GAL",
          "suspended": false,
          "tags": Array [],
          "weight": 51.3,
        },
        "productId": "1b7f8b00-c0c8-4682-879b-b01922ba3b69",
        "productStatuses": null,
        "profitAnalysis": Object {
          "amountToNextProfitTier": 0.88,
          "caseEquivalentQuantity": 27,
          "grossProfit": 0,
          "grossProfitPercent": 0,
          "nextProfitTier": 1,
          "profitPerCaseEquivalent": 0,
        },
        "purchaseOrder": null,
        "quantity": 4,
        "rejectedMessage": null,
        "sequence": 6,
        "shipDate": "2018-10-02",
        "shippedQuantity": null,
        "source": "FSA Connect",
        "specialMessage": null,
        "specialPriceCode": null,
        "status": "Draft",
        "statusReason": null,
        "submitOverridesHasErrors": null,
        "submitted": null,
        "submittedBy": "System",
        "temporaryOverride": false,
        "total": 200,
        "updated": "2018-09-18T22:11:32.7850183Z",
        "updatedBy": "Billings Tester",
        "version": "AAAAAElojIQ=",
        "weight": 531.85,
      },
    ],
    "owner": "Billings Tester",
    "pieces": 27,
    "productStatuses": null,
    "profitAnalysis": Object {
      "amountToNextProfitTier": 0.88,
      "caseEquivalentQuantity": 27,
      "grossProfit": 0,
      "grossProfitPercent": 0,
      "nextProfitTier": 1,
      "profitPerCaseEquivalent": 0,
    },
    "purchaseOrder": null,
    "rejectedMessage": null,
    "shipDate": "2018-10-02",
    "source": "FSA Connect",
    "status": "Draft",
    "statusReason": null,
    "submitOverridesHasErrors": null,
    "submitted": null,
    "submittedBy": "System",
    "total": 200,
    "updated": "2018-09-18T22:11:19.7691423Z",
    "updatedBy": "Billings Tester",
    "version": "AAAAAElojH0=",
    "weight": 531.85,
  },
]
`;
